cargo :    Compiling barnes-hut v0.1.0 
(C:\Users\Admin\Desktop\DeadlockCode\barnes-hut)
In Zeile:1 Zeichen:1
+ cargo build --release 2>&1 > build_output.log; Get-Content build_outp ...
+ ~~~~~~~~~~~~~~~~~~~~~~~~~~~~~~~~~~~~~~~~~~~~~
    + CategoryInfo          : NotSpecified: (   Compiling ba...ode\barnes-hut) 
   :String) [], RemoteException
    + FullyQualifiedErrorId : NativeCommandError
 
warning: function `uniform_disc_at` is never used
  --> src\utils.rs:45:8
   |
45 | pub fn uniform_disc_at(n: usize, center_pos: Vec2) -> Vec<Body> {
   |        ^^^^^^^^^^^^^^^
   |
   = note: `#[warn(dead_code)]` (part of `#[warn(unused)]`) on by default

warning: function `uniform_disc_at_scaled` is never used
  --> src\utils.rs:55:8
   |
55 | pub fn uniform_disc_at_scaled(n: usize, center_pos: Vec2, scale: f32) -> 
Vec<Body> {
   |        ^^^^^^^^^^^^^^^^^^^^^^

warning: function `uniform_disc_at_scaled_random` is never used
   --> src\utils.rs:113:8
    |
113 | pub fn uniform_disc_at_scaled_random(n: usize, center_pos: Vec2, scale: 
f32) -> Vec<Body> {
    |        ^^^^^^^^^^^^^^^^^^^^^^^^^^^^^

warning: variable `G` should have a snake case name
   --> src\simulation.rs:207:21
    |
207 |                 let G = 1.0;
    |                     ^ help: convert the identifier to snake case: `g`
    |
    = note: `#[warn(non_snake_case)]` (part of `#[warn(nonstandard_style)]`) 
on by default

warning: `barnes-hut` (bin "barnes-hut") generated 4 warnings
    Finished `release` profile [optimized] target(s) in 6.42s
